main.c:61:6:delay	16	static
main.c:73:6:Set_Pin_Output	40	static
main.c:81:6:Set_Pin_Input	40	static
main.c:89:6:display_Temp	48	static
main.c:97:6:display_Humid	48	static
main.c:109:6:DHT11_Start	8	static
main.c:118:9:DHT11_Check_Response	16	static
main.c:130:9:DHT11_Read	16	static
main.c:149:5:main	24	static
main.c:224:6:SystemClock_Config	88	static
main.c:268:13:MX_TIM2_Init	32	static
main.c:313:13:MX_GPIO_Init	40	static
main.c:348:6:HAL_TIM_PeriodElapsedCallback	16	static
main.c:357:6:Error_Handler	4	static,ignoring_inline_asm
